// Jest Snapshot v1, https://goo.gl/fbAQLP

exports[`snapshot testing should match the snapshot 1`] = `
<header>
  <h1>
    My React App
  </h1>
  <h2>
    Is awesome
  </h2>
</header>
`;
